../Core/Src/main.c:93:5:main	8	static
../Core/Src/main.c:160:6:SystemClock_Config	96	static
../Core/Src/main.c:221:13:MX_DFSDM1_Init	8	static
../Core/Src/main.c:259:13:MX_I2C2_Init	8	static
../Core/Src/main.c:307:13:MX_QUADSPI_Init	8	static
../Core/Src/main.c:340:13:MX_SPI3_Init	8	static
../Core/Src/main.c:380:13:MX_TIM2_Init	64	static
../Core/Src/main.c:444:13:MX_TIM3_Init	56	static
../Core/Src/main.c:502:13:MX_USART1_UART_Init	8	static
../Core/Src/main.c:537:13:MX_USART3_UART_Init	8	static
../Core/Src/main.c:572:13:MX_USB_OTG_FS_PCD_Init	8	static
../Core/Src/main.c:607:13:MX_GPIO_Init	48	static
../Core/Src/main.c:788:6:HAL_TIM_IC_CaptureCallback	16	static
../Core/Src/main.c:819:6:Error_Handler	4	static,ignoring_inline_asm
